[cs50.harvard.edu/web/2018/index.html]
[img.youtube.com/vi/24Kf3v7kZyE/maxresdefault.jpg]
[backblue.gif]
[fade.gif]
[index.html]
[cs50.harvard.edu/web/2018/faviconb8b0.ico]
[cs50.harvard.edu/web/2018/assets/@fortawesome/fontawesome-free/css/all.minb8b0.css]
[cs50.harvard.edu/web/2018/assets/pageb8b0.css]
[cs50.harvard.edu/web/2018/assets/jquery/dist/jquery.minb8b0.js]
[cs50.harvard.edu/web/2018/assets/popper.js/dist/umd/popper.minb8b0.js]
[cs50.harvard.edu/web/2018/assets/bootstrap/dist/js/bootstrap.minb8b0.js]
[cs50.harvard.edu/web/2018/assets/jstz.minb8b0.js]
[cs50.harvard.edu/web/2018/assets/moment.minb8b0.js]
[cs50.harvard.edu/web/2018/assets/moment-timezone-with-data.minb8b0.js]
[cs50.harvard.edu/web/2018/assets/jekyll-theme-cs50b8b0.js]
[cs50.harvard.edu/web/2018/quickstart.pdf]
[cs50.harvard.edu/web/2018/index.html]
[cs50.harvard.edu/web/2018/certificate/index.html]
[cs50.harvard.edu/web/2018/notes/0/index.html]
[cs50.harvard.edu/web/2018/assets/@fortawesome/fontawesome-free/webfonts/fa-brands-400.eot]
[cs50.harvard.edu/web/2018/notes/1/index.html]
[cs50.harvard.edu/web/2018/notes/2/index.html]
[cs50.harvard.edu/web/2018/notes/3/index.html]
[cs50.harvard.edu/web/2018/assets/@fortawesome/fontawesome-free/webfonts/fa-brands-400d41d.eot]
[cs50.harvard.edu/web/2018/notes/4/index.html]
[cs50.harvard.edu/web/2018/assets/@fortawesome/fontawesome-free/webfonts/fa-brands-400.woff2]
[cs50.harvard.edu/web/2018/notes/5/index.html]
[cs50.harvard.edu/web/2018/assets/@fortawesome/fontawesome-free/webfonts/fa-brands-400.woff]
[cs50.harvard.edu/web/2018/assets/@fortawesome/fontawesome-free/webfonts/fa-brands-400.ttf]
[cs50.harvard.edu/web/2018/notes/6/index.html]
[cs50.harvard.edu/web/2018/notes/7/index.html]
[cs50.harvard.edu/web/2018/assets/@fortawesome/fontawesome-free/webfonts/fa-brands-400.svg]
[cs50.harvard.edu/web/2018/assets/@fortawesome/fontawesome-free/webfonts/fa-regular-400.eot]
[cs50.harvard.edu/web/2018/notes/8/index.html]
[cs50.harvard.edu/web/2018/notes/9/index.html]
[cs50.harvard.edu/web/2018/assets/@fortawesome/fontawesome-free/webfonts/fa-regular-400d41d.eot]
[cs50.harvard.edu/web/2018/notes/10/index.html]
[cs50.harvard.edu/web/2018/assets/@fortawesome/fontawesome-free/webfonts/fa-regular-400.woff2]
[cs50.harvard.edu/web/2018/notes/11/index.html]
[cs50.harvard.edu/web/2018/assets/@fortawesome/fontawesome-free/webfonts/fa-regular-400.woff]
[cs50.harvard.edu/web/2018/assets/@fortawesome/fontawesome-free/webfonts/fa-regular-400.ttf]
[cs50.harvard.edu/web/2018/assets/@fortawesome/fontawesome-free/webfonts/fa-regular-400.svg]
[cs50.harvard.edu/web/2018/assets/@fortawesome/fontawesome-free/webfonts/fa-solid-900.eot]
[cs50.harvard.edu/web/2018/assets/@fortawesome/fontawesome-free/webfonts/fa-solid-900d41d.eot]
[cs50.harvard.edu/web/2018/assets/@fortawesome/fontawesome-free/webfonts/fa-solid-900.woff2]
[cs50.harvard.edu/web/2018/assets/@fortawesome/fontawesome-free/webfonts/fa-solid-900.woff]
[cs50.harvard.edu/web/2018/assets/@fortawesome/fontawesome-free/webfonts/fa-solid-900.ttf]
[cs50.harvard.edu/web/2018/assets/@fortawesome/fontawesome-free/css/all.minb8b0.css]
[cs50.harvard.edu/web/2018/assets/pageb8b0.css]
[cs50.harvard.edu/web/2018/assets/@fortawesome/fontawesome-free/webfonts/fa-solid-900.svg]
[cs50.harvard.edu/web/2018/certificate/1616924a-2647-443f-9b3b-95fba098bb34.png]
[cs50.harvard.edu/web/2018/certificate/index.html]
[cs50.harvard.edu/web/2018/notes/0/index.html]
[cs50.harvard.edu/web/2018/notes/1/index.html]
[cs50.harvard.edu/web/2018/notes/2/index.html]
[cs50.harvard.edu/web/2018/notes/3/index.html]
[cs50.harvard.edu/web/2018/notes/4/index.html]
[cs50.harvard.edu/web/2018/notes/5/index.html]
[cs50.harvard.edu/web/2018/notes/6/index.html]
[cs50.harvard.edu/web/2018/notes/7/index.html]
[cs50.harvard.edu/web/2018/notes/8/index.html]
[cs50.harvard.edu/web/2018/notes/9/index.html]
[cs50.harvard.edu/web/2018/notes/10/index.html]
[cs50.harvard.edu/web/2018/notes/11/index.html]
[cs50.harvard.edu/web/2018/assets/@fortawesome/fontawesome-free/webfonts/fa-brands-400.svg]
[cs50.harvard.edu/web/2018/assets/@fortawesome/fontawesome-free/webfonts/fa-regular-400.svg]
[cs50.harvard.edu/web/2018/assets/@fortawesome/fontawesome-free/webfonts/fa-solid-900.svg]
